11:05:28 **** Build of configuration Debug for project dram ****
make pre-build main-build 
a9-linaro-pre-build-step
' '
'Building file: ../src/test01.c'
'Invoking: ARM v7 gcc compiler'
arm-none-eabi-gcc -Wall -O0 -g3 -c -fmessage-length=0 -MT"src/test01.o" -mcpu=cortex-a9 -mfpu=vfpv3 -mfloat-abi=hard -I../../dram_bsp/ps7_cortexa9_0/include -MMD -MP -MF"src/test01.d" -MT"src/test01.o" -o "src/test01.o" "../src/test01.c"
'Finished building: ../src/test01.c'
' '
'Building file: ../src/translation_table.s'
'Invoking: ARM v7 gcc assembler'
arm-none-eabi-gcc -c  -o"src/translation_table.o" "../src/translation_table.s"
'Finished building: ../src/translation_table.s'
' '
'Building target: dram.elf'
'Invoking: ARM v7 gcc linker'
arm-none-eabi-gcc -mcpu=cortex-a9 -mfpu=vfpv3 -mfloat-abi=hard -Wl,-build-id=none -specs=Xilinx.spec -Wl,-T -Wl,../src/lscript.ld -L../../dram_bsp/ps7_cortexa9_0/lib -o "dram.elf"  ./src/test01.o ./src/translation_table.o   -Wl,--start-group,-lxil,-lgcc,-lc,--end-group
'Finished building target: dram.elf'
' '
'Invoking: ARM v7 Print Size'
arm-none-eabi-size dram.elf  |tee "dram.elf.size"
   text	   data	    bss	    dec	    hex	filename
 110416	   4824	  67232	 182472	  2c8c8	dram.elf
'Finished building: dram.elf.size'
' '

11:05:31 Build Finished (took 2s.622ms)

